namespace NServiceBus.TransactionalSession
{
    public sealed class CosmosOpenSessionOptions : NServiceBus.TransactionalSession.OpenSessionOptions
    {
        public CosmosOpenSessionOptions(Microsoft.Azure.Cosmos.PartitionKey partitionKey, NServiceBus.ContainerInformation? containerInformation = default) { }
    }
    public static class CosmosTransactionalSessionExtensions
    {
        public static NServiceBus.PersistenceExtensions<NServiceBus.CosmosPersistence> EnableTransactionalSession(this NServiceBus.PersistenceExtensions<NServiceBus.CosmosPersistence> persistenceExtensions) { }
    }
}